// Jest Snapshot v1, https://goo.gl/fbAQLP

exports[` Bucketlist tests matches snapshot 1`] = `
<div>
  <ul>
    <li>
       Bucketlist Icon 
    </li>
     
    <span>
      3
    </span>
     
    <li>
       bucketlist App 
    </li>
     
    <input
      placeholder="Search..."
      type="text"
    />
     
    <li>
      one
    </li>
     
    <li>
       Logout 
    </li>
  </ul>
   
  <input
    placeholder="Add a new bucketlist"
    type="text"
  />
   
  <ul>
    <editbucketlist-stub
      bucketlist="[object Object]"
    />
    <editbucketlist-stub
      bucketlist="[object Object]"
    />
  </ul>
</div>
`;
