// Jest Snapshot v1, https://goo.gl/fbAQLP

exports[`EditBucketlist tests matches snapshot 1`] = `
<div
  id="edit-bucketlist"
>
  <li>
    <div>
      <input
        type="checkbox"
      />
       
      <!---->
       
      <span>
        
      name
    
      </span>
       
      <img
        src="../assets/edit.png"
      />
       
      <img
        src="../assets/delete.png"
      />
    </div>
     
    <!---->
  </li>
</div>
`;
